###############################################################################
#
# IAR ELF Linker V8.22.1.15669/W32 for ARM                06/Nov/2025  20:00:52
# Copyright 2007-2018 IAR Systems AB.
#
#    Output file  =  C:\Users\pnu6\Documents\week06\Debug\Exe\test.out
#    Map file     =  C:\Users\pnu6\Documents\week06\Debug\List\test.map
#    Command line =  
#        -f C:\Users\pnu6\AppData\Local\Temp\EW692E.tmp
#        (C:\Users\pnu6\Documents\week06\Debug\Obj\core_cm3.o
#        C:\Users\pnu6\Documents\week06\Debug\Obj\lcd.o
#        C:\Users\pnu6\Documents\week06\Debug\Obj\main.o
#        C:\Users\pnu6\Documents\week06\Debug\Obj\misc.o
#        C:\Users\pnu6\Documents\week06\Debug\Obj\startup_stm32f10x_cl.o
#        C:\Users\pnu6\Documents\week06\Debug\Obj\stm32f10x_adc.o
#        C:\Users\pnu6\Documents\week06\Debug\Obj\stm32f10x_bkp.o
#        C:\Users\pnu6\Documents\week06\Debug\Obj\stm32f10x_can.o
#        C:\Users\pnu6\Documents\week06\Debug\Obj\stm32f10x_cec.o
#        C:\Users\pnu6\Documents\week06\Debug\Obj\stm32f10x_crc.o
#        C:\Users\pnu6\Documents\week06\Debug\Obj\stm32f10x_dac.o
#        C:\Users\pnu6\Documents\week06\Debug\Obj\stm32f10x_dbgmcu.o
#        C:\Users\pnu6\Documents\week06\Debug\Obj\stm32f10x_dma.o
#        C:\Users\pnu6\Documents\week06\Debug\Obj\stm32f10x_exti.o
#        C:\Users\pnu6\Documents\week06\Debug\Obj\stm32f10x_flash.o
#        C:\Users\pnu6\Documents\week06\Debug\Obj\stm32f10x_fsmc.o
#        C:\Users\pnu6\Documents\week06\Debug\Obj\stm32f10x_gpio.o
#        C:\Users\pnu6\Documents\week06\Debug\Obj\stm32f10x_i2c.o
#        C:\Users\pnu6\Documents\week06\Debug\Obj\stm32f10x_it.o
#        C:\Users\pnu6\Documents\week06\Debug\Obj\stm32f10x_iwdg.o
#        C:\Users\pnu6\Documents\week06\Debug\Obj\stm32f10x_pwr.o
#        C:\Users\pnu6\Documents\week06\Debug\Obj\stm32f10x_rcc.o
#        C:\Users\pnu6\Documents\week06\Debug\Obj\stm32f10x_rtc.o
#        C:\Users\pnu6\Documents\week06\Debug\Obj\stm32f10x_sdio.o
#        C:\Users\pnu6\Documents\week06\Debug\Obj\stm32f10x_spi.o
#        C:\Users\pnu6\Documents\week06\Debug\Obj\stm32f10x_tim.o
#        C:\Users\pnu6\Documents\week06\Debug\Obj\stm32f10x_usart.o
#        C:\Users\pnu6\Documents\week06\Debug\Obj\stm32f10x_wwdg.o
#        C:\Users\pnu6\Documents\week06\Debug\Obj\system_stm32f10x.o
#        C:\Users\pnu6\Documents\week06\Debug\Obj\test_ide.o
#        C:\Users\pnu6\Documents\week06\Debug\Obj\touch.o -o
#        C:\Users\pnu6\Documents\week06\Debug\Exe\test.out --map
#        C:\Users\pnu6\Documents\week06\Debug\List\test.map --log
#        libraries,initialization,modules,redirects,sections,veneers,unused_fragments,call_graph
#        --log_file C:\Users\pnu6\Documents\week06\Debug\List\test.log --config
#        "C:\Program Files (x86)\IAR Systems\Embedded Workbench
#        8.0\arm\config\linker\ST\stm32f107xC.icf" --semihosting --entry
#        __iar_program_start --vfe --text_out locale)
#
###############################################################################

*******************************************************************************
*** RUNTIME MODEL ATTRIBUTES
***

CppFlavor       = *
__SystemLibrary = DLib
__dlib_version  = 6


*******************************************************************************
*** HEAP SELECTION
***

The basic heap was selected because some modules are built with
size limitations (and not runtime checking), and --advanced_heap
was not specified.


*******************************************************************************
*** PLACEMENT SUMMARY
***

"A0":  place at 0x08000000 { ro section .intvec };
"P1":  place in [from 0x08000000 to 0x0803ffff] { ro };
define block CSTACK with size = 4K, alignment = 8 { };
define block HEAP with size = 4K, alignment = 8 { };
"P2":  place in [from 0x20000000 to 0x2000ffff] {
          rw, block CSTACK, block HEAP };

  Section          Kind        Address    Size  Object
  -------          ----        -------    ----  ------
"A0":                                    0x150
  .intvec          ro code  0x08000000   0x150  startup_stm32f10x_cl.o [1]
                          - 0x08000150   0x150

"P1":                                   0x31e0
  .text            ro code  0x08000150   0xc4c  lcd.o [1]
  .text            ro code  0x08000d9c    0xdc  stm32f10x_gpio.o [1]
  .text            ro code  0x08000e78    0x24  stm32f10x_rcc.o [1]
  .text            ro code  0x08000e9c     0x8  abs.o [3]
  .text            ro code  0x08000ea4   0x79c  touch.o [1]
  .text            ro code  0x08001640    0x1c  U32ToFlt.o [4]
  .text            ro code  0x0800165c    0xd8  FltMul.o [4]
  .text            ro code  0x08001734    0x24  S32ToFlt.o [4]
  .text            ro code  0x08001758    0xe2  FltAdd.o [4]
  .text            ro code  0x0800183c    0x2a  FltToS32.o [4]
  .text            ro code  0x08001868    0x1a  U32ToDbl.o [4]
  .text            ro code  0x08001884    0xf2  sqrt.o [4]
  .text            ro code  0x08001978    0x3a  DblToS32.o [4]
  .text            ro code  0x080019b4    0xfc  FltDiv.o [4]
  .text            ro code  0x08001ab0    0x24  FltCmpLe.o [4]
  .text            ro code  0x08001ad4    0x24  FltCmpGe.o [4]
  .text            ro code  0x08001af8    0x80  FltSub.o [4]
  .rodata          const    0x08001b78   0x5f0  lcd.o [1]
  .rodata          const    0x08002168   0x594  lcd.o [1]
  .rodata          const    0x080026fc   0x474  lcd.o [1]
  .text            ro code  0x08002b70   0x1de  stm32f10x_adc.o [1]
  .text            ro code  0x08002d50   0x1b8  main.o [1]
  .text            ro code  0x08002f08   0x1a4  system_stm32f10x.o [1]
  .text            ro code  0x080030ac    0x70  misc.o [1]
  .text            ro code  0x0800311c    0x40  zero_init3.o [5]
  .text            ro code  0x0800315c    0x28  data_init.o [5]
  .iar.init_table  const    0x08003184    0x10  - Linker created -
  .text            ro code  0x08003194    0x1e  cmain.o [5]
  .text            ro code  0x080031b2     0x4  low_level_init.o [3]
  .text            ro code  0x080031b6     0x4  exit.o [3]
  .text            ro code  0x080031bc     0xa  cexit.o [5]
  .text            ro code  0x080031c8    0x14  exit.o [6]
  .text            ro code  0x080031dc    0x12  stm32f10x_it.o [1]
  .text            ro code  0x080031f0    0x10  startup_stm32f10x_cl.o [1]
  .rodata          const    0x08003200     0xc  main.o [1]
  .text            ro code  0x0800320c     0xc  cstartup_M.o [5]
  .text            ro code  0x08003218     0x4  startup_stm32f10x_cl.o [1]
  .text            ro code  0x0800321c     0x4  startup_stm32f10x_cl.o [1]
  .text            ro code  0x08003220     0x4  startup_stm32f10x_cl.o [1]
  .text            ro code  0x08003224     0x4  startup_stm32f10x_cl.o [1]
  .text            ro code  0x08003228     0x4  startup_stm32f10x_cl.o [1]
  .text            ro code  0x0800322c     0x4  startup_stm32f10x_cl.o [1]
  .text            ro code  0x08003230     0x4  startup_stm32f10x_cl.o [1]
  .text            ro code  0x08003234     0x4  startup_stm32f10x_cl.o [1]
  .text            ro code  0x08003238     0x4  startup_stm32f10x_cl.o [1]
  .text            ro code  0x0800323c     0x4  startup_stm32f10x_cl.o [1]
  .text            ro code  0x08003240     0x4  startup_stm32f10x_cl.o [1]
  .text            ro code  0x08003244     0x4  startup_stm32f10x_cl.o [1]
  .text            ro code  0x08003248     0x4  startup_stm32f10x_cl.o [1]
  .text            ro code  0x0800324c     0x4  startup_stm32f10x_cl.o [1]
  .text            ro code  0x08003250     0x4  startup_stm32f10x_cl.o [1]
  .text            ro code  0x08003254     0x4  startup_stm32f10x_cl.o [1]
  .text            ro code  0x08003258     0x4  startup_stm32f10x_cl.o [1]
  .text            ro code  0x0800325c     0x4  startup_stm32f10x_cl.o [1]
  .text            ro code  0x08003260     0x4  startup_stm32f10x_cl.o [1]
  .text            ro code  0x08003264     0x4  startup_stm32f10x_cl.o [1]
  .text            ro code  0x08003268     0x4  startup_stm32f10x_cl.o [1]
  .text            ro code  0x0800326c     0x4  startup_stm32f10x_cl.o [1]
  .text            ro code  0x08003270     0x4  startup_stm32f10x_cl.o [1]
  .text            ro code  0x08003274     0x4  startup_stm32f10x_cl.o [1]
  .text            ro code  0x08003278     0x4  startup_stm32f10x_cl.o [1]
  .text            ro code  0x0800327c     0x4  startup_stm32f10x_cl.o [1]
  .text            ro code  0x08003280     0x4  startup_stm32f10x_cl.o [1]
  .text            ro code  0x08003284     0x4  startup_stm32f10x_cl.o [1]
  .text            ro code  0x08003288     0x4  startup_stm32f10x_cl.o [1]
  .text            ro code  0x0800328c     0x4  startup_stm32f10x_cl.o [1]
  .text            ro code  0x08003290     0x4  startup_stm32f10x_cl.o [1]
  .text            ro code  0x08003294     0x4  startup_stm32f10x_cl.o [1]
  .text            ro code  0x08003298     0x4  startup_stm32f10x_cl.o [1]
  .text            ro code  0x0800329c     0x4  startup_stm32f10x_cl.o [1]
  .text            ro code  0x080032a0     0x4  startup_stm32f10x_cl.o [1]
  .text            ro code  0x080032a4     0x4  startup_stm32f10x_cl.o [1]
  .text            ro code  0x080032a8     0x4  startup_stm32f10x_cl.o [1]
  .text            ro code  0x080032ac     0x4  startup_stm32f10x_cl.o [1]
  .text            ro code  0x080032b0     0x4  startup_stm32f10x_cl.o [1]
  .text            ro code  0x080032b4     0x4  startup_stm32f10x_cl.o [1]
  .text            ro code  0x080032b8     0x4  startup_stm32f10x_cl.o [1]
  .text            ro code  0x080032bc     0x4  startup_stm32f10x_cl.o [1]
  .text            ro code  0x080032c0     0x4  startup_stm32f10x_cl.o [1]
  .text            ro code  0x080032c4     0x4  startup_stm32f10x_cl.o [1]
  .text            ro code  0x080032c8     0x4  startup_stm32f10x_cl.o [1]
  .text            ro code  0x080032cc     0x4  startup_stm32f10x_cl.o [1]
  .text            ro code  0x080032d0     0x4  startup_stm32f10x_cl.o [1]
  .text            ro code  0x080032d4     0x4  startup_stm32f10x_cl.o [1]
  .text            ro code  0x080032d8     0x4  startup_stm32f10x_cl.o [1]
  .text            ro code  0x080032dc     0x4  startup_stm32f10x_cl.o [1]
  .text            ro code  0x080032e0     0x4  startup_stm32f10x_cl.o [1]
  .text            ro code  0x080032e4     0x4  startup_stm32f10x_cl.o [1]
  .text            ro code  0x080032e8     0x4  startup_stm32f10x_cl.o [1]
  .text            ro code  0x080032ec     0x4  startup_stm32f10x_cl.o [1]
  .text            ro code  0x080032f0     0x4  startup_stm32f10x_cl.o [1]
  .text            ro code  0x080032f4     0x4  startup_stm32f10x_cl.o [1]
  .text            ro code  0x080032f8     0x4  startup_stm32f10x_cl.o [1]
  .text            ro code  0x080032fc     0x4  startup_stm32f10x_cl.o [1]
  .text            ro code  0x08003300     0x4  startup_stm32f10x_cl.o [1]
  .text            ro code  0x08003304     0x4  startup_stm32f10x_cl.o [1]
  .text            ro code  0x08003308     0x4  startup_stm32f10x_cl.o [1]
  .text            ro code  0x0800330c     0x4  startup_stm32f10x_cl.o [1]
  .text            ro code  0x08003310     0x4  startup_stm32f10x_cl.o [1]
  .text            ro code  0x08003314     0x4  startup_stm32f10x_cl.o [1]
  .text            ro code  0x08003318     0x4  startup_stm32f10x_cl.o [1]
  .text            ro code  0x0800331c     0x4  startup_stm32f10x_cl.o [1]
  .text            ro code  0x08003320     0x4  startup_stm32f10x_cl.o [1]
  .text            ro code  0x08003324     0x4  startup_stm32f10x_cl.o [1]
  .text            ro code  0x08003328     0x4  startup_stm32f10x_cl.o [1]
  .text            ro code  0x0800332c     0x4  startup_stm32f10x_cl.o [1]
  .rodata          const    0x08003330     0x0  zero_init3.o [5]
                          - 0x08003330  0x31e0

"P2", part 1 of 2:                        0x10
  .bss             zero     0x20000000     0x4  touch.o [1]
  .bss             zero     0x20000004     0x4  touch.o [1]
  .bss             zero     0x20000008     0x2  lcd.o [1]
  .bss             zero     0x2000000a     0x2  main.o [1]
  .bss             zero     0x2000000c     0x2  touch.o [1]
  .bss             zero     0x2000000e     0x2  touch.o [1]
                          - 0x20000010    0x10

"P2", part 2 of 2:                      0x1000
  CSTACK                    0x20000010  0x1000  <Block>
    CSTACK         uninit   0x20000010  0x1000  <Block tail>
                          - 0x20001010  0x1000


*******************************************************************************
*** INIT TABLE
***

          Address     Size
          -------     ----
Zero (__iar_zero_init3)
    1 destination range, total size 0x10:
          0x20000000  0x10



*******************************************************************************
*** MODULE SUMMARY
***

    Module                  ro code  ro data  rw data
    ------                  -------  -------  -------
C:\Users\pnu6\Documents\week06\Debug\Obj: [1]
    lcd.o                     3 148    4 088        2
    main.o                      440       12        2
    misc.o                      112
    startup_stm32f10x_cl.o      632
    stm32f10x_adc.o             478
    stm32f10x_gpio.o            220
    stm32f10x_it.o               18
    stm32f10x_rcc.o              36
    system_stm32f10x.o          420
    touch.o                   1 948                12
    -------------------------------------------------
    Total:                    7 452    4 100       16

command line: [2]
    -------------------------------------------------
    Total:

dl7M_tln.a: [3]
    abs.o                         8
    exit.o                        4
    low_level_init.o              4
    -------------------------------------------------
    Total:                       16

m7M_tl.a: [4]
    DblToS32.o                   58
    FltAdd.o                    226
    FltCmpGe.o                   36
    FltCmpLe.o                   36
    FltDiv.o                    252
    FltMul.o                    216
    FltSub.o                    128
    FltToS32.o                   42
    S32ToFlt.o                   36
    U32ToDbl.o                   26
    U32ToFlt.o                   28
    sqrt.o                      242
    -------------------------------------------------
    Total:                    1 326

rt7M_tl.a: [5]
    cexit.o                      10
    cmain.o                      30
    cstartup_M.o                 12
    data_init.o                  40
    zero_init3.o                 64
    -------------------------------------------------
    Total:                      156

shb_l.a: [6]
    exit.o                       20
    -------------------------------------------------
    Total:                       20

    Gaps                         18
    Linker created                        16    4 096
-----------------------------------------------------
    Grand Total:              8 988    4 116    4 112


*******************************************************************************
*** ENTRY LIST
***

Entry                      Address   Size  Type      Object
-----                      -------   ----  ----      ------
.iar.init_table$$Base   0x08003184          --   Gb  - Linker created -
.iar.init_table$$Limit  0x08003194          --   Gb  - Linker created -
?main                   0x08003195         Code  Gb  cmain.o [5]
ADC1_2_IRQHandler       0x08002ed3   0x26  Code  Gb  main.o [1]
ADC_ClearITPendingBit   0x08002d41    0xe  Code  Gb  stm32f10x_adc.o [1]
ADC_Cmd                 0x08002bbb   0x1a  Code  Gb  stm32f10x_adc.o [1]
ADC_GetCalibrationStatus
                        0x08002c19   0x12  Code  Gb  stm32f10x_adc.o [1]
ADC_GetConversionValue  0x08002d0b    0x6  Code  Gb  stm32f10x_adc.o [1]
ADC_GetITStatus         0x08002d19   0x28  Code  Gb  stm32f10x_adc.o [1]
ADC_GetResetCalibrationStatus
                        0x08002bfd   0x12  Code  Gb  stm32f10x_adc.o [1]
ADC_ITConfig            0x08002bd5   0x1e  Code  Gb  stm32f10x_adc.o [1]
ADC_Init                0x08002b71   0x4a  Code  Gb  stm32f10x_adc.o [1]
ADC_RegularChannelConfig
                        0x08002c45   0xc6  Code  Gb  stm32f10x_adc.o [1]
ADC_ResetCalibration    0x08002bf3    0xa  Code  Gb  stm32f10x_adc.o [1]
ADC_SoftwareStartConvCmd
                        0x08002c2b   0x1a  Code  Gb  stm32f10x_adc.o [1]
ADC_StartCalibration    0x08002c0f    0xa  Code  Gb  stm32f10x_adc.o [1]
ADC_Value               0x2000000a    0x2  Data  Gb  main.o [1]
ADS_Read_AD             0x08000ef9   0x9e  Code  Gb  touch.o [1]
ADS_Read_XY             0x08000f97   0xae  Code  Gb  touch.o [1]
ADS_Write_Byte          0x08000ea5   0x52  Code  Gb  touch.o [1]
AdcInit                 0x08002e39   0x78  Code  Gb  main.o [1]
BusFault_Handler        0x080031e3    0x2  Code  Gb  stm32f10x_it.o [1]
CSTACK$$Base            0x20000010          --   Gb  - Linker created -
CSTACK$$Limit           0x20001010          --   Gb  - Linker created -
Convert_Pos             0x080012c3   0x58  Code  Gb  touch.o [1]
DebugMon_Handler        0x080031e9    0x2  Code  Gb  stm32f10x_it.o [1]
DeviceCode              0x20000008    0x2  Data  Gb  lcd.o [1]
Drow_Touch_Point        0x0800124f   0x68  Code  Gb  touch.o [1]
GBHZ_16                 0x08002168  0x594  Data  Gb  lcd.o [1]
GPIO_Init               0x08000d9d   0xc4  Code  Gb  stm32f10x_gpio.o [1]
GPIO_ReadInputData      0x08000e61    0x6  Code  Gb  stm32f10x_gpio.o [1]
GPIO_ResetBits          0x08000e6d    0x6  Code  Gb  stm32f10x_gpio.o [1]
GPIO_SetBits            0x08000e67    0x6  Code  Gb  stm32f10x_gpio.o [1]
GPIO_Write              0x08000e73    0x6  Code  Gb  stm32f10x_gpio.o [1]
GpioInit                0x08002e21   0x18  Code  Gb  main.o [1]
HardFault_Handler       0x080031df    0x2  Code  Gb  stm32f10x_it.o [1]
Init                    0x08002de7   0x24  Code  Gb  main.o [1]
LCD_Clear               0x080006b9   0x28  Code  Gb  lcd.o [1]
LCD_Configuration       0x080002a5   0x9c  Code  Lc  lcd.o [1]
LCD_Delay               0x08000341   0x26  Code  Lc  lcd.o [1]
LCD_DrawCircle          0x08000887   0xcc  Code  Gb  lcd.o [1]
LCD_DrawLine            0x08000777  0x110  Code  Gb  lcd.o [1]
LCD_DrawPoint           0x0800075f   0x18  Code  Gb  lcd.o [1]
LCD_Init                0x0800037f  0x33a  Code  Gb  lcd.o [1]
LCD_ReadReg             0x080001ed   0x90  Code  Lc  lcd.o [1]
LCD_SetCursor           0x080006e1   0x3e  Code  Gb  lcd.o [1]
LCD_ShowChar            0x08000953  0x100  Code  Gb  lcd.o [1]
LCD_ShowCharString      0x08000a53   0x58  Code  Gb  lcd.o [1]
LCD_ShowHzString        0x08000d1b   0x62  Code  Gb  lcd.o [1]
LCD_ShowNum             0x08000aab   0xe8  Code  Gb  lcd.o [1]
LCD_ShowString          0x08000b93   0x5e  Code  Gb  lcd.o [1]
LCD_WR_DATA             0x0800019f   0x4e  Code  Lc  lcd.o [1]
LCD_WR_REG              0x08000151   0x4e  Code  Lc  lcd.o [1]
LCD_WindowMax           0x0800071f   0x40  Code  Gb  lcd.o [1]
LCD_WriteRAM            0x0800029b    0xa  Code  Lc  lcd.o [1]
LCD_WriteRAM_Prepare    0x08000291    0xa  Code  Lc  lcd.o [1]
LCD_WriteReg            0x0800027d   0x14  Code  Lc  lcd.o [1]
MemManage_Handler       0x080031e1    0x2  Code  Gb  stm32f10x_it.o [1]
NMI_Handler             0x080031dd    0x2  Code  Gb  stm32f10x_it.o [1]
NVIC_Init               0x080030ad   0x60  Code  Gb  misc.o [1]
NvicInit                0x08002eb1   0x22  Code  Gb  main.o [1]
PendSV_Handler          0x080031eb    0x2  Code  Gb  stm32f10x_it.o [1]
RCC_APB2PeriphClockCmd  0x08000e79   0x20  Code  Gb  stm32f10x_rcc.o [1]
RccInit                 0x08002e0b   0x16  Code  Gb  main.o [1]
Read_ADSX               0x08001045   0x1c  Code  Gb  touch.o [1]
Read_ADSY               0x08001061   0x1c  Code  Gb  touch.o [1]
Refreshes_Screen        0x080012b7    0xc  Code  Gb  touch.o [1]
Region$$Table$$Base     0x08003184          --   Gb  - Linker created -
Region$$Table$$Limit    0x08003194          --   Gb  - Linker created -
SVC_Handler             0x080031e7    0x2  Code  Gb  stm32f10x_it.o [1]
SetSysClock             0x08002f6f    0x8  Code  Lc  system_stm32f10x.o [1]
SetSysClockTo72         0x08002f77  0x110  Code  Lc  system_stm32f10x.o [1]
SysTick_Handler         0x080031ed    0x2  Code  Gb  stm32f10x_it.o [1]
SystemInit              0x08002f09   0x66  Code  Gb  system_stm32f10x.o [1]
Touch_Adjust            0x0800131b  0x2ee  Code  Gb  touch.o [1]
Touch_Configuration     0x080011fd   0x52  Code  Gb  touch.o [1]
Touch_GetXY             0x080011bd   0x40  Code  Gb  touch.o [1]
Touch_GexX              0x0800107d   0xa0  Code  Gb  touch.o [1]
Touch_GexY              0x0800111d   0xa0  Code  Gb  touch.o [1]
UsageFault_Handler      0x080031e5    0x2  Code  Gb  stm32f10x_it.o [1]
WriteOneHz              0x08000c39   0xe2  Code  Lc  lcd.o [1]
__aeabi_cfcmple         0x08001ab1         Code  Gb  FltCmpLe.o [4]
__aeabi_cfrcmple        0x08001ad5         Code  Gb  FltCmpGe.o [4]
__aeabi_d2iz            0x08001979         Code  Gb  DblToS32.o [4]
__aeabi_f2iz            0x0800183d         Code  Gb  FltToS32.o [4]
__aeabi_fadd            0x08001759         Code  Gb  FltAdd.o [4]
__aeabi_fdiv            0x080019b5         Code  Gb  FltDiv.o [4]
__aeabi_fmul            0x0800165d         Code  Gb  FltMul.o [4]
__aeabi_fsub            0x08001af9         Code  Gb  FltSub.o [4]
__aeabi_i2f             0x08001735         Code  Gb  S32ToFlt.o [4]
__aeabi_ui2d            0x08001869         Code  Gb  U32ToDbl.o [4]
__aeabi_ui2f            0x08001641         Code  Gb  U32ToFlt.o [4]
__cmain                 0x08003195         Code  Gb  cmain.o [5]
__exit                  0x080031c9   0x14  Code  Gb  exit.o [6]
__iar_data_init3        0x0800315d   0x28  Code  Gb  data_init.o [5]
__iar_fadd              0x08001b05         Code  Gb  FltSub.o [4]
__iar_fsub              0x08001765         Code  Gb  FltAdd.o [4]
__iar_fsubStart         0x08001775         Code  Gb  FltAdd.o [4]
__iar_program_start     0x0800320d         Code  Gb  cstartup_M.o [5]
__iar_sqrt64            0x08001885         Code  Gb  sqrt.o [4]
__iar_systems$$module {Abs}
                        0x00000001         Data  Gb  command line/config [2]
__iar_zero_init3        0x0800311d   0x40  Code  Gb  zero_init3.o [5]
__low_level_init        0x080031b3    0x4  Code  Gb  low_level_init.o [3]
__vector_table          0x08000000         Data  Gb  startup_stm32f10x_cl.o [1]
_call_main              0x080031a1         Code  Gb  cmain.o [5]
_exit                   0x080031bd         Code  Gb  cexit.o [5]
_main                   0x080031af         Code  Gb  cmain.o [5]
abs                     0x08000e9d    0x8  Code  Gb  abs.o [3]
asc2_1206               0x080026fc  0x474  Data  Gb  lcd.o [1]
asc2_1608               0x08001b78  0x5f0  Data  Gb  lcd.o [1]
exit                    0x080031b7    0x4  Code  Gb  exit.o [3]
findHzIndex             0x08000bf1   0x48  Code  Lc  lcd.o [1]
main                    0x08002d51   0x96  Code  Gb  main.o [1]
mypow                   0x08000367   0x18  Code  Lc  lcd.o [1]
sqrt                    0x08001885         Code  Gb  sqrt.o [4]
sqrtl                   0x08001885         Code  Gb  sqrt.o [4]
xfac                    0x20000000    0x4  Data  Gb  touch.o [1]
xoff                    0x2000000c    0x2  Data  Gb  touch.o [1]
yfac                    0x20000004    0x4  Data  Gb  touch.o [1]
yoff                    0x2000000e    0x2  Data  Gb  touch.o [1]


[1] = C:\Users\pnu6\Documents\week06\Debug\Obj
[2] = command line
[3] = dl7M_tln.a
[4] = m7M_tl.a
[5] = rt7M_tl.a
[6] = shb_l.a

  8 988 bytes of readonly  code memory
  4 116 bytes of readonly  data memory
  4 112 bytes of readwrite data memory

Errors: none
Warnings: none
